// Jest Snapshot v1, https://goo.gl/fbAQLP

exports[`renders correctly 1`] = `
<li
  className="sc-AxgMl llRWRB"
>
  <span
    className="sc-AxjAm sc-AxheI irzTJq"
  >
    agentName
  </span>
  <div
    className="sc-AxirZ ciZpUd"
  >
    <div
      className="sc-AxiKw jeQNXl"
    >
      <div
        className="sc-AxhCb guWnsS"
      />
      <span
        className="sc-AxjAm sc-AxhUy lMjjz"
      >
        Connected
      </span>
    </div>
  </div>
</li>
`;
