// Jest Snapshot v1, https://goo.gl/fbAQLP

exports[`agentList correctly lists multiple agents 1`] = `
.c8 {
  display: grid;
  grid-template-columns: [status-indicator] 20px [status-text] 1fr;
}

.c9 {
  grid-column: status-indicator;
  height: 12px;
  width: 12px;
  margin: 10px;
  border-radius: 50%;
  float: right;
  text-align: left;
  color: #27AE60;
  background-color: #27AE60;
}

.c10 {
  grid-column: status-text;
  position: relative;
  margin: 0;
  padding-top: 0;
  margin-left: 15px;
  text-align: left;
  color: #27AE60;
}

.c3 {
  display: grid;
  grid-template-columns: 1fr 1fr 175px;
  grid-column-gap: 10px;
  -webkit-align-content: center;
  -ms-flex-line-pack: center;
  align-content: center;
  -webkit-align-items: center;
  -webkit-box-align: center;
  -ms-flex-align: center;
  align-items: center;
  border-radius: 8px;
  border: 1px solid white;
  height: 30px;
  line-height: 30px;
  padding: 15px 20px;
  margin-top: 25px;
}

.c7 {
  display: -webkit-box;
  display: -webkit-flex;
  display: -ms-flexbox;
  display: flex;
  -webkit-align-items: center;
  -webkit-box-align: center;
  -ms-flex-align: center;
  align-items: center;
  -webkit-box-pack: justify;
  -webkit-justify-content: space-between;
  -ms-flex-pack: justify;
  justify-content: space-between;
}

.c4 {
  display: -webkit-box;
  display: -webkit-flex;
  display: -ms-flexbox;
  display: flex;
  -webkit-align-items: center;
  -webkit-box-align: center;
  -ms-flex-align: center;
  align-items: center;
  -webkit-box-pack: start;
  -webkit-justify-content: start;
  -ms-flex-pack: start;
  justify-content: start;
  width: 50%;
  text-overflow: ellipsis;
  white-space: nowrap;
  overflow: hidden;
}

.c6 {
  width: 50%;
}

.c11 {
  cursor: pointer;
  color: #F8F8F8;
}

.c5 {
  cursor: pointer;
  margin-right: 10px;
  color: #F8F8F8;
  cursor: inherit;
}

.c0 {
  display: grid;
  grid-template-rows: [title] 50px [list] 1fr;
  background-color: #1B1B1B;
  border-radius: 8px;
  padding: 20px;
}

.c1 {
  grid-row: title;
}

.c2 {
  grid-row: list;
  list-style: none;
  padding-left: 0;
}

@media (max-width:47.9375em) {
  .c3 {
    display: -webkit-box;
    display: -webkit-flex;
    display: -ms-flexbox;
    display: flex;
    -webkit-flex-direction: column;
    -ms-flex-direction: column;
    flex-direction: column;
    height: auto;
  }
}

@media (max-width:47.9375em) {
  .c7 {
    width: 100%;
  }
}

@media (max-width:47.9375em) {
  .c4 {
    width: 100%;
    -webkit-box-pack: center;
    -webkit-justify-content: center;
    -ms-flex-pack: center;
    justify-content: center;
    text-align: center;
  }
}

@media (max-width:47.9375em) {
  .c6 {
    width: 100%;
    text-align: center;
  }
}

<div
  className="c0"
>
  <h2
    className="c1"
  >
    Agents
  </h2>
  <ul
    className="c2"
  >
    <li
      className="c3"
    >
      <div
        className="c4"
      >
        <i
          className="c5 fas fa-question-circle"
          data-tip="Operating system unkown"
        />
        <p>
          name
        </p>
      </div>
      <p
        className="c6"
        data-tip="External IP Address"
      />
      <div
        className="c7"
      >
        <div
          className="c8"
        >
          <div
            className="c9"
          />
          <p
            className="c10"
          >
            Connected
          </p>
        </div>
        <i
          className="c11 fas fa-terminal"
          onClick={[Function]}
        />
      </div>
      <div
        className="__react_component_tooltip t30cd0a5c-fa6a-40c7-bc16-ab4b2bf9cd6e place-top type-dark"
        data-id="tooltip"
      >
        <style
          dangerouslySetInnerHTML={
            Object {
              "__html": "
  	.t30cd0a5c-fa6a-40c7-bc16-ab4b2bf9cd6e {
	    color: #fff;
	    background: #222;
	    border: 1px solid transparent;
  	}

  	.t30cd0a5c-fa6a-40c7-bc16-ab4b2bf9cd6e.place-top {
        margin-top: -10px;
    }
    .t30cd0a5c-fa6a-40c7-bc16-ab4b2bf9cd6e.place-top::before {
        border-top: 8px solid transparent;
    }
    .t30cd0a5c-fa6a-40c7-bc16-ab4b2bf9cd6e.place-top::after {
        border-left: 8px solid transparent;
        border-right: 8px solid transparent;
        bottom: -6px;
        left: 50%;
        margin-left: -8px;
        border-top-color: #222;
        border-top-style: solid;
        border-top-width: 6px;
    }

    .t30cd0a5c-fa6a-40c7-bc16-ab4b2bf9cd6e.place-bottom {
        margin-top: 10px;
    }
    .t30cd0a5c-fa6a-40c7-bc16-ab4b2bf9cd6e.place-bottom::before {
        border-bottom: 8px solid transparent;
    }
    .t30cd0a5c-fa6a-40c7-bc16-ab4b2bf9cd6e.place-bottom::after {
        border-left: 8px solid transparent;
        border-right: 8px solid transparent;
        top: -6px;
        left: 50%;
        margin-left: -8px;
        border-bottom-color: #222;
        border-bottom-style: solid;
        border-bottom-width: 6px;
    }

    .t30cd0a5c-fa6a-40c7-bc16-ab4b2bf9cd6e.place-left {
        margin-left: -10px;
    }
    .t30cd0a5c-fa6a-40c7-bc16-ab4b2bf9cd6e.place-left::before {
        border-left: 8px solid transparent;
    }
    .t30cd0a5c-fa6a-40c7-bc16-ab4b2bf9cd6e.place-left::after {
        border-top: 5px solid transparent;
        border-bottom: 5px solid transparent;
        right: -6px;
        top: 50%;
        margin-top: -4px;
        border-left-color: #222;
        border-left-style: solid;
        border-left-width: 6px;
    }

    .t30cd0a5c-fa6a-40c7-bc16-ab4b2bf9cd6e.place-right {
        margin-left: 10px;
    }
    .t30cd0a5c-fa6a-40c7-bc16-ab4b2bf9cd6e.place-right::before {
        border-right: 8px solid transparent;
    }
    .t30cd0a5c-fa6a-40c7-bc16-ab4b2bf9cd6e.place-right::after {
        border-top: 5px solid transparent;
        border-bottom: 5px solid transparent;
        left: -6px;
        top: 50%;
        margin-top: -4px;
        border-right-color: #222;
        border-right-style: solid;
        border-right-width: 6px;
    }
  ",
            }
          }
        />
      </div>
    </li>
    <li
      className="c3"
    >
      <div
        className="c4"
      >
        <i
          className="c5 fas fa-question-circle"
          data-tip="Operating system unkown"
        />
        <p>
          name2
        </p>
      </div>
      <p
        className="c6"
        data-tip="External IP Address"
      />
      <div
        className="c7"
      >
        <div
          className="c8"
        >
          <div
            className="c9"
          />
          <p
            className="c10"
          >
            Connected
          </p>
        </div>
        <i
          className="c11 fas fa-terminal"
          onClick={[Function]}
        />
      </div>
      <div
        className="__react_component_tooltip t0d4a81c9-30a9-4e1b-9d06-44580c38baa9 place-top type-dark"
        data-id="tooltip"
      >
        <style
          dangerouslySetInnerHTML={
            Object {
              "__html": "
  	.t0d4a81c9-30a9-4e1b-9d06-44580c38baa9 {
	    color: #fff;
	    background: #222;
	    border: 1px solid transparent;
  	}

  	.t0d4a81c9-30a9-4e1b-9d06-44580c38baa9.place-top {
        margin-top: -10px;
    }
    .t0d4a81c9-30a9-4e1b-9d06-44580c38baa9.place-top::before {
        border-top: 8px solid transparent;
    }
    .t0d4a81c9-30a9-4e1b-9d06-44580c38baa9.place-top::after {
        border-left: 8px solid transparent;
        border-right: 8px solid transparent;
        bottom: -6px;
        left: 50%;
        margin-left: -8px;
        border-top-color: #222;
        border-top-style: solid;
        border-top-width: 6px;
    }

    .t0d4a81c9-30a9-4e1b-9d06-44580c38baa9.place-bottom {
        margin-top: 10px;
    }
    .t0d4a81c9-30a9-4e1b-9d06-44580c38baa9.place-bottom::before {
        border-bottom: 8px solid transparent;
    }
    .t0d4a81c9-30a9-4e1b-9d06-44580c38baa9.place-bottom::after {
        border-left: 8px solid transparent;
        border-right: 8px solid transparent;
        top: -6px;
        left: 50%;
        margin-left: -8px;
        border-bottom-color: #222;
        border-bottom-style: solid;
        border-bottom-width: 6px;
    }

    .t0d4a81c9-30a9-4e1b-9d06-44580c38baa9.place-left {
        margin-left: -10px;
    }
    .t0d4a81c9-30a9-4e1b-9d06-44580c38baa9.place-left::before {
        border-left: 8px solid transparent;
    }
    .t0d4a81c9-30a9-4e1b-9d06-44580c38baa9.place-left::after {
        border-top: 5px solid transparent;
        border-bottom: 5px solid transparent;
        right: -6px;
        top: 50%;
        margin-top: -4px;
        border-left-color: #222;
        border-left-style: solid;
        border-left-width: 6px;
    }

    .t0d4a81c9-30a9-4e1b-9d06-44580c38baa9.place-right {
        margin-left: 10px;
    }
    .t0d4a81c9-30a9-4e1b-9d06-44580c38baa9.place-right::before {
        border-right: 8px solid transparent;
    }
    .t0d4a81c9-30a9-4e1b-9d06-44580c38baa9.place-right::after {
        border-top: 5px solid transparent;
        border-bottom: 5px solid transparent;
        left: -6px;
        top: 50%;
        margin-top: -4px;
        border-right-color: #222;
        border-right-style: solid;
        border-right-width: 6px;
    }
  ",
            }
          }
        />
      </div>
    </li>
  </ul>
</div>
`;

exports[`agentList renders correctly 1`] = `
.c0 {
  display: grid;
  grid-template-rows: [title] 50px [list] 1fr;
  background-color: #1B1B1B;
  border-radius: 8px;
  padding: 20px;
}

.c1 {
  grid-row: title;
}

.c2 {
  grid-row: list;
  list-style: none;
  padding-left: 0;
}

<div
  className="c0"
>
  <h2
    className="c1"
  >
    Agents
  </h2>
  <ul
    className="c2"
  />
</div>
`;
