// Jest Snapshot v1, https://goo.gl/fbAQLP

exports[`change password renders correctly 1`] = `
.c2 {
  height: 80px;
}

.c3 {
  min-height: 50px;
  width: 100%;
  border: none;
  border-radius: 5px;
  font-family: 'Libre Franklin',sans-serif;
  font-size: 1rem;
  padding-left: 10px;
  opacity: 0.9;
  border: 1px solid transparent;
}

.c3:focus {
  outline: none border:1px solid;
}

.c5 {
  max-height: 50px;
  padding: 12px;
  border: none;
  border-radius: 5px;
  color: white;
  font-family: 'B612',sans-serif;
  font-size: 1rem;
  font-weight: 700;
  cursor: pointer;
  background-color: transparent;
  border: 1px solid;
  margin-top: 15px;
  width: 100%;
}

.c5:hover {
  opacity: 0.90;
}

.c5:focus {
  outline: none;
}

.c5:active {
  opacity: 0.80;
}

.c5:disabled:hover {
  opacity: 1;
  cursor: auto;
}

.c4 {
  max-height: 50px;
  padding: 12px;
  border: none;
  border-radius: 5px;
  color: white;
  font-family: 'B612',sans-serif;
  font-size: 1rem;
  font-weight: 700;
  cursor: pointer;
  width: 100%;
}

.c4:hover {
  opacity: 0.90;
}

.c4:focus {
  outline: none;
}

.c4:active {
  opacity: 0.80;
}

.c4:disabled:hover {
  opacity: 1;
  cursor: auto;
}

.c0 {
  box-shadow: 0 10px 15px -3px rgba(0,0,0,0.1),0 4px 6px -2px rgba(0,0,0,0.05);
  padding: 40px;
  border-radius: 10px;
  width: 100%;
  max-width: 350px;
}

.c1 {
  width: 100%;
  text-align: center;
}

<div
  className="c0"
>
  <h3
    className="c1"
  >
    Change password
  </h3>
  <form
    onSubmit={[Function]}
  >
    <div
      className="c2"
    >
      <input
        className="c3"
        name="oldPassword"
        onChange={[Function]}
        placeholder="Current password"
        type="password"
      />
    </div>
    <div
      className="c2"
    >
      <input
        className="c3"
        name="password"
        onChange={[Function]}
        placeholder="New password"
        type="password"
        value=""
      />
    </div>
    <div
      className="c2"
    >
      <input
        className="c3"
        name="passwordConfirm"
        onChange={[Function]}
        placeholder="Confirm new password"
        type="password"
        value=""
      />
    </div>
    <button
      className="c4"
      disabled={true}
    >
      Change password
    </button>
    <button
      className="c5"
      onClick={[Function]}
    >
      Don't change password
    </button>
  </form>
</div>
`;
