// Jest Snapshot v1, https://goo.gl/fbAQLP

exports[`change password renders correctly 1`] = `
.c3 {
  max-height: 50px;
  padding: 12px;
  border: none;
  border-radius: 5px;
  color: white;
  font-family: 'B612',sans-serif;
  font-size: 1rem;
  font-weight: 700;
  cursor: pointer;
}

.c3:hover {
  opacity: 0.90;
}

.c3:focus {
  outline: none;
}

.c3:active {
  opacity: 0.80;
}

.c3:disabled:hover {
  opacity: 1;
  cursor: auto;
}

.c1 {
  height: 80px;
}

.c2 {
  min-height: 50px;
  width: 100%;
  border: none;
  border-radius: 5px;
  font-family: 'Libre Franklin',sans-serif;
  font-size: 1rem;
  padding-left: 10px;
  opacity: 0.9;
  border: 1px solid transparent;
}

.c2:focus {
  outline: none border:1px solid;
}

.c0 {
  width: 100%;
}

.c4 {
  width: 100%;
  margin-top: 15px;
}

<form
  className="c0"
  onSubmit={[Function]}
>
  <div
    className="c1"
  >
    <input
      className="c2"
      name="oldPassword"
      onChange={[Function]}
      placeholder="Current password"
      type="password"
    />
  </div>
  <div
    className="c1"
  >
    <input
      className="c2"
      name="password"
      onChange={[Function]}
      placeholder="New password"
      type="password"
      value=""
    />
  </div>
  <div
    className="c1"
  >
    <input
      className="c2"
      name="passwordConfirm"
      onChange={[Function]}
      placeholder="Confirm new password"
      type="password"
      value=""
    />
  </div>
  <button
    className="c3 c4"
    disabled={true}
  >
    Change password
  </button>
</form>
`;
