// Jest Snapshot v1, https://goo.gl/fbAQLP

exports[`settings page render correctly 1`] = `
.c1 {
  max-width: 225px;
  width: 100%;
  box-shadow: inset;
  padding-top: 32px;
  -webkit-transition: all 1s ease;
  transition: all 1s ease;
  overflow: hidden;
}

.c3 {
  -webkit-text-decoration: none;
  text-decoration: none;
  cursor: pointer;
  pointer-events: inherit;
}

.c3:hover {
  opacity: 0.9;
}

.c5 {
  cursor: pointer;
}

.c6 {
  margin: 0 8px;
}

.c4 {
  padding: 12px;
  margin-top: 24px;
  border-radius: 4px;
  width: 100%;
  float: left;
  overflow: hidden;
  text-overflow: ellipsis;
  box-sizing: border-box;
  white-space: nowrap;
}

.c7 {
  margin: 0 8px;
}

.c0 {
  -webkit-flex: 1 1 auto;
  -ms-flex: 1 1 auto;
  flex: 1 1 auto;
  display: grid;
  position: relative;
  grid-template-columns: [navigation] 225px [content] 1fr;
}

.c2 {
  grid-column: navigation;
  position: absolute;
  top: 0;
  bottom: 0;
}

.c8 {
  grid-column: content;
  padding: 16px;
}

@media (max-width:47.9375em) {
  .c1 {
    width: 45px;
  }
}

@media (max-width:47.9375em) {
  .c6 {
    margin: 0 auto;
  }
}

@media (max-width:47.9375em) {
  .c7 {
    display: none;
  }
}

<div
  className="c0"
>
  <div
    className="c1 c2"
  >
    <a
      className="c3 c4"
      disabled={false}
      href="/settings/user_settings"
      onClick={[Function]}
    >
      <i
        className="c5 c6 fas fa-user-cog"
      />
      <span
        className="c7"
      >
        User settings
      </span>
    </a>
  </div>
  <div
    className="c8"
  />
</div>
`;
