// Jest Snapshot v1, https://goo.gl/fbAQLP

exports[`User settings render correctly 1`] = `
.c4 {
  max-height: 50px;
  padding: 12px;
  border: none;
  border-radius: 5px;
  color: white;
  font-family: 'B612',sans-serif;
  font-size: 1rem;
  font-weight: 700;
  cursor: pointer;
}

.c4:hover {
  opacity: 0.90;
}

.c4:focus {
  outline: none;
}

.c4:active {
  opacity: 0.80;
}

.c4:disabled:hover {
  opacity: 1;
  cursor: auto;
}

.c1 {
  height: 80px;
}

.c3 {
  min-height: 50px;
  width: 100%;
  border: none;
  border-radius: 5px;
  font-family: 'Libre Franklin',sans-serif;
  font-size: 1rem;
  padding-left: 10px;
  opacity: 0.9;
  border: 1px solid transparent;
}

.c3:focus {
  outline: none;
  border: 1px solid;
}

.c0 {
  width: 100%;
  max-width: 300px;
}

.c2 {
  margin-bottom: 15px;
}

.c5 {
  width: 100%;
}

<form
  className="c0"
  onSubmit={[Function]}
>
  <h3>
    Update your user settings
  </h3>
  <div
    className="c1 c2"
  >
    <input
      className="c3"
      name="username"
      onChange={[Function]}
      placeholder="Username"
      type="username"
      value=""
    />
  </div>
  <div
    className="c1 c2"
  >
    <input
      className="c3"
      name="oldPassword"
      onChange={[Function]}
      placeholder="Current password"
      type="password"
      value=""
    />
  </div>
  <div
    className="c1 c2"
  >
    <input
      className="c3"
      name="password"
      onChange={[Function]}
      placeholder="New password"
      type="password"
      value=""
    />
  </div>
  <div
    className="c1 c2"
  >
    <input
      className="c3"
      name="passwordConfirm"
      onChange={[Function]}
      placeholder="Confirm new password"
      type="password"
      value=""
    />
  </div>
  <button
    className="c4 c5"
    disabled={true}
    id="updateUserDetailsButton"
  >
    Update user details
  </button>
</form>
`;
