// Jest Snapshot v1, https://goo.gl/fbAQLP

exports[`app renders correctly authenticated 1`] = `
<div>
  <div
    className="sc-fzoLag JrHjE"
  >
    <div
      className="sc-AxiKw egZdpg"
    >
      <h3>
        Apollo
      </h3>
      <div>
        <a
          className="sc-AxhCb ibDnOD"
          href="/"
          onClick={[Function]}
        >
          Dashboard
        </a>
      </div>
      <button
        className="sc-AxjAm sc-AxirZ sc-AxhUy bgSdZf"
        onClick={[Function]}
      >
        Log out
      </button>
    </div>
    <div />
  </div>
</div>
`;

exports[`app renders correctly unauthenticated 1`] = `
<div>
  <div
    className="sc-fzoLag JrHjE"
  >
    <div
      className="sc-Axmtr kbLgUh"
    >
      <div
        className="sc-AxmLO eLaVVa"
      >
        <img
          className="sc-fzplWN ctZptC"
          src={[Function]}
        />
        <h1
          className="sc-fzozJi eZiksZ"
        >
          Log in to Apollo
        </h1>
        <div
          className="sc-AxheI sc-fzoLsD hucFzw"
        >
          <form
            className="sc-fzpans gtnNFI"
            onSubmit={[Function]}
          >
            <input
              className="sc-AxgMl ksubo"
              onChange={[Function]}
              placeholder="Username"
              type="username"
            />
            <input
              className="sc-AxgMl ksubo"
              onChange={[Function]}
              placeholder="Password"
              type="password"
            />
            <button
              className="sc-AxjAm hNiYBm"
            >
              Log in
            </button>
          </form>
        </div>
      </div>
    </div>
  </div>
</div>
`;
