// Jest Snapshot v1, https://goo.gl/fbAQLP

exports[`dashboard renders correctly 1`] = `
<div
  className="sc-fzoXzr sc-fzpjYC eGEaRU"
>
  <div
    className="sc-fzqNJr ixjFVZ"
  >
    <h2
      className="sc-fzoyAV XWLst"
    >
      Agents
    </h2>
    <ul
      className="sc-fzoLag chSeRf"
    />
  </div>
</div>
`;
