// Jest Snapshot v1, https://goo.gl/fbAQLP

exports[`dashboard renders correctly 1`] = `
.c1 {
  display: grid;
  grid-template-rows: [title] 50px [list] 1fr;
  max-width: 100%;
  min-width: 0;
  border-radius: 8px;
  padding: 20px;
}

.c2 {
  grid-row: title;
  width: 100%;
  min-width: 0;
}

.c3 {
  width: 100%;
  min-width: 0;
  grid-row: list;
  list-style: none;
  padding-left: 0;
}

.c0 {
  display: grid;
  grid-template-columns: [agent-listing] 1fr 1fr;
  grid-template-rows: 1fr;
  margin: 25px;
}

@media (max-width:47.9375em) {
  .c0 {
    grid-template-columns: [agent-listing] 1fr;
  }
}

<div>
  <div
    className="c0"
  >
    <div
      className="c1"
    >
      <h2
        className="c2"
      >
        Agents
      </h2>
      <ul
        className="c3"
      />
    </div>
  </div>
</div>
`;
