// Jest Snapshot v1, https://goo.gl/fbAQLP

exports[`login renders correctly 1`] = `
<div
  className="OuterContainer-sc-1mix3no-0 kBRFGS"
>
  <div
    className="InnerContainer-sc-1mix3no-1 fCbGUO"
  >
    <img
      className="SupportingImg-sc-1mix3no-5 dtziOb"
      src={[Function]}
    />
    <h1
      className="Title-sc-1mix3no-2 cOHrZJ"
    >
      Log in to Apollo
    </h1>
    <div
      className="Card-sc-1s9gsyt-0 StyledCard-sc-1mix3no-3 dSOJxn"
    >
      <form
        className="Form-sc-1mix3no-4 isrvwX"
        onSubmit={[Function]}
      >
        <input
          className="Input-sc-1bvgqy7-0 HonTN"
          onChange={[Function]}
          placeholder="Username"
          type="username"
        />
        <input
          className="Input-sc-1bvgqy7-0 HonTN"
          onChange={[Function]}
          placeholder="Password"
          type="password"
        />
        <button
          className="Button-xwmqaf-0 dRwrV"
        >
          Log in
        </button>
      </form>
    </div>
  </div>
</div>
`;
