// Jest Snapshot v1, https://goo.gl/fbAQLP

exports[`renders correctly 1`] = `
.c0 {
  border: none;
  border-radius: 5px;
  font-family: 'Libre Franklin',sans-serif;
  font-size: 1rem;
  padding-left: 10px;
  opacity: 0.9;
}

<input
  className="c0"
  placeholder="username"
  type="username"
/>
`;
