// Jest Snapshot v1, https://goo.gl/fbAQLP

exports[`login handles successful logout 1`] = `
<div
  className="sc-AxiKw cQhYjZ"
>
  <button
    className="sc-AxjAm sc-AxirZ sc-AxhCb egA-DhE"
    onClick={[Function]}
  >
    Logout
  </button>
</div>
`;

exports[`login renders correctly 1`] = `
<div
  className="sc-AxiKw cQhYjZ"
>
  <button
    className="sc-AxjAm sc-AxirZ sc-AxhCb egA-DhE"
    onClick={[Function]}
  >
    Logout
  </button>
</div>
`;
