// Jest Snapshot v1, https://goo.gl/fbAQLP

exports[`Settings side navigation renders correctly 1`] = `
.c0 {
  max-width: 225px;
  width: 100%;
  box-shadow: inset;
  padding-top: 32px;
  -webkit-transition: 0.75s ease-in-out;
  transition: 0.75s ease-in-out;
  overflow: hidden;
}

@media (max-width:47.9375em) {
  .c0 {
    width: 45px;
  }
}

<div
  className="c0"
/>
`;

exports[`Settings side navigation renders correctly 2`] = `
.c0 {
  max-width: 225px;
  width: 100%;
  box-shadow: inset;
  padding-top: 32px;
  -webkit-transition: 0.75s ease-in-out;
  transition: 0.75s ease-in-out;
  overflow: hidden;
}

@media (max-width:47.9375em) {
  .c0 {
    width: 45px;
  }
}

<div
  className="c0"
/>
`;
