// Jest Snapshot v1, https://goo.gl/fbAQLP

exports[`renders correctly 1`] = `
.c0 {
  max-height: 50px;
  padding: 12px;
  border: none;
  border-radius: 5px;
  color: white;
  font-family: 'B612',sans-serif;
  font-size: 1rem;
  font-weight: 700;
  cursor: pointer;
}

.c0:hover {
  opacity: 0.90;
}

.c0:focus {
  outline: none;
}

.c0:active {
  opacity: 0.80;
}

.c1 {
  background-color: transparent;
  border: 1px solid;
}

<button
  className="c0 c1"
>
  Test
</button>
`;
